apiVersion: networking.gke.io/v1
kind: HealthCheckPolicy
metadata:
  creationTimestamp: null
  name: jupyter-test-policy
  namespace: test-namespace
spec:
  default:
    config:
      httpHealthCheck:
        requestPath: /hub/login
      type: HTTP
  targetRef:
    kind: Service
    name: proxy-public
