apiVersion: networking.gke.io/v1
kind: HealthCheckPolicy
metadata:
  creationTimestamp: null
  labels:
    managed-by: knorten.knada.io
  name: jupyter-test-policy
  namespace: test-namespace
spec:
  default:
    config:
      httpHealthCheck:
        requestPath: /hub/login
      type: HTTP
  targetRef:
    group: ""
    kind: Service
    name: proxy-public
