apiVersion: networking.k8s.io/v1
kind: NetworkPolicy
metadata:
  creationTimestamp: null
  labels:
    managed-by: knorten.knada.io
  name: jupyter-policy
  namespace: test-namespace
spec:
  egress:
  - ports:
    - port: 443
      protocol: TCP
    to:
    - ipBlock:
        cidr: 23.235.32.0/20
    - ipBlock:
        cidr: 43.249.72.0/22
    - ipBlock:
        cidr: 103.244.50.0/24
    - ipBlock:
        cidr: 103.245.222.0/23
    - ipBlock:
        cidr: 103.245.224.0/24
    - ipBlock:
        cidr: 104.156.80.0/20
    - ipBlock:
        cidr: 140.248.64.0/18
    - ipBlock:
        cidr: 140.248.128.0/17
    - ipBlock:
        cidr: 146.75.0.0/17
    - ipBlock:
        cidr: 151.101.0.0/16
    - ipBlock:
        cidr: 157.52.64.0/18
    - ipBlock:
        cidr: 167.82.0.0/17
    - ipBlock:
        cidr: 167.82.128.0/20
    - ipBlock:
        cidr: 167.82.160.0/20
    - ipBlock:
        cidr: 167.82.224.0/20
    - ipBlock:
        cidr: 172.111.64.0/18
    - ipBlock:
        cidr: 185.31.16.0/22
    - ipBlock:
        cidr: 199.27.72.0/21
    - ipBlock:
        cidr: 199.232.0.0/16
  podSelector:
    matchLabels:
      app: jupyterhub
      component: singleuser-server
  policyTypes:
  - Egress
