typemeta:
  kind: ExternalSecret
  apiversion: external-secrets.io/v1beta1
objectmeta:
  name: group
  generatename: ""
  namespace: team-test-1234
  selflink: ""
  uid: ""
  resourceversion: ""
  generation: 0
  creationtimestamp: "0001-01-01T00:00:00Z"
  deletiontimestamp: null
  deletiongraceperiodseconds: null
  labels: {}
  annotations: {}
  ownerreferences: []
  finalizers: []
  managedfields: []
spec:
  secretstoreref:
    name: default-gsm-store
    kind: ClusterSecretStore
  target:
    name: group
    creationpolicy: ""
    deletionpolicy: ""
    template: null
    immutable: false
  refreshinterval:
    duration: 10m0s
  data:
  - secretkey: clusterSecretKey
    remoteref:
      key: remoteRef
      metadatapolicy: ""
      property: ""
      version: ""
      conversionstrategy: ""
      decodingstrategy: ""
    sourceref: null
  - secretkey: clusterSecretKey2
    remoteref:
      key: remoteRef2
      metadatapolicy: ""
      property: ""
      version: ""
      conversionstrategy: ""
      decodingstrategy: ""
    sourceref: null
  datafrom: []
status:
  refreshtime: "0001-01-01T00:00:00Z"
  syncedresourceversion: ""
  conditions: []
  binding:
    name: ""
