apiVersion: postgresql.cnpg.io/v1
kind: Cluster
metadata:
  creationTimestamp: null
  labels:
    managed-by: knorten.knada.io
  name: test-cluster
  namespace: test-namespace
spec:
  affinity: {}
  backup:
    retentionPolicy: 30d
    volumeSnapshot:
      className: cnpg-vsp
      onlineConfiguration: {}
  bootstrap:
    initdb:
      database: test-database
      owner: test-owner
  instances: 2
  postgresql:
    syncReplicaElectionConstraint:
      enabled: false
  primaryUpdateStrategy: unsupervised
  resources:
    requests:
      cpu: 100m
      memory: 180Mi
  storage:
    size: 10Gi
status:
  certificates: {}
  configMapResourceVersion: {}
  managedRolesStatus: {}
  secretsResourceVersion: {}
  switchReplicaClusterStatus: {}
  topology: {}
