apiVersion: postgresql.cnpg.io/v1
kind: ScheduledBackup
metadata:
  creationTimestamp: null
  labels:
    managed-by: knorten.knada.io
  name: test-scheduled-backup
  namespace: test-namespace
spec:
  backupOwnerReference: self
  cluster:
    name: test-cluster
  immediate: true
  method: volumeSnapshot
  schedule: 0 8 0 * * 1-5
status: {}
